// Jest Snapshot v1, https://goo.gl/fbAQLP

exports[`Page content renders correctly 1`] = `
<Content
  id="siteContent"
>
  <div
    id="innerContent"
  />
</Content>
`;
