// Jest Snapshot v1, https://goo.gl/fbAQLP

exports[`Survey page renders correctly 1`] = `
<Layout
  requiredAuth={true}
  title="Create Survey"
>
  <Memo(BackTop) />
  <SurveyCreator />
</Layout>
`;
