// Jest Snapshot v1, https://goo.gl/fbAQLP

exports[`Auth page renders correctly 1`] = `
<div
  className="spinContainer"
>
  <Spin
    size="default"
    spinning={true}
    tip="Redirecting..."
    wrapperClassName=""
  />
</div>
`;
