// Jest Snapshot v1, https://goo.gl/fbAQLP

exports[`Dashboard page renders correctly 1`] = `<Fragment />`;
