// Jest Snapshot v1, https://goo.gl/fbAQLP

exports[`Survey creator renders correctly 1`] = `
<Fragment>
  <div>
    <p
      className="title"
    >
      Create your survey
    </p>
  </div>
  <ForwardRef(InternalForm)
    autoComplete="off"
    form={
      Object {
        "__INTERNAL__": Object {
          "itemRef": [Function],
        },
        "getFieldError": [Function],
        "getFieldInstance": [Function],
        "getFieldValue": [Function],
        "getFieldsError": [Function],
        "getFieldsValue": [Function],
        "getInternalHooks": [Function],
        "isFieldTouched": [Function],
        "isFieldValidating": [Function],
        "isFieldsTouched": [Function],
        "isFieldsValidating": [Function],
        "resetFields": [Function],
        "scrollToField": [Function],
        "setFields": [Function],
        "setFieldsValue": [Function],
        "submit": [Function],
        "validateFields": [Function],
      }
    }
    initialValues={
      Object {
        "questions": Array [
          Object {
            "choices": Array [
              Object {
                "text": "",
              },
            ],
          },
        ],
      }
    }
    layout="vertical"
    onFinish={[Function]}
  >
    <p
      className="sub-title"
    >
      Basic Info
    </p>
    <FormItem
      label="Survey Title"
      name="surveyTitle"
      rules={
        Array [
          Object {
            "message": "Missing survey title",
            "required": true,
          },
        ]
      }
    >
      <Input
        maxLength={100}
        placeholder="Survey Title"
        type="text"
      />
    </FormItem>
    <QuestionCreator />
    <FormItem>
      <Button
        block={false}
        ghost={false}
        htmlType="submit"
        loading={false}
        type="primary"
      >
        Submit
      </Button>
    </FormItem>
  </ForwardRef(InternalForm)>
</Fragment>
`;
